ets Jun  8 2016 00:22:57

rst:0x1 (POWERON_RESET),boot:0x13 (SPI_FAST_FLASH_BOOT)
configsip: 0, SPIWP:0xee
clk_drv:0x00,q_drv:0x00,d_drv:0x00,cs0_drv:0x00,hd_drv:0x00,wp_drv:0x00
mode:DIO, clock div:2
load:0x3fff0030,len:7172
load:0x40078000,len:15532
load:0x40080400,len:4
load:0x40080404,len:3904
entry 0x40080640
[0;32mI (29) boot: ESP-IDF v5.3-dev-1288-g5524b692ee 2nd stage bootloader[0m
[0;32mI (29) boot: compile time Mar 11 2024 16:46:58[0m
[0;32mI (30) boot: Multicore bootloader[0m
[0;32mI (34) boot: chip revision: v1.1[0m
[0;32mI (38) boot.esp32: SPI Speed      : 40MHz[0m
[0;32mI (43) boot.esp32: SPI Mode       : DIO[0m
[0;32mI (47) boot.esp32: SPI Flash Size : 4MB[0m
[0;32mI (52) boot: Enabling RNG early entropy source...[0m
[0;32mI (57) boot: Partition Table:[0m
[0;32mI (61) boot: ## Label            Usage          Type ST Offset   Length[0m
[0;32mI (68) boot:  0 nvs              WiFi data        01 02 00009000 00004000[0m
[0;32mI (76) boot:  1 otadata          OTA data         01 00 0000d000 00002000[0m
[0;32mI (83) boot:  2 phy_init         RF data          01 01 0000f000 00001000[0m
[0;32mI (91) boot:  3 factory          factory app      00 00 00010000 00180000[0m
[0;32mI (98) boot:  4 ota_0            OTA app          00 10 00190000 00180000[0m
[0;32mI (106) boot:  5 spiffs           Unknown data     01 82 00310000 0007d000[0m
[0;32mI (113) boot: End of partition table[0m
[0;32mI (117) boot: Defaulting to factory image[0m
[0;32mI (122) esp_image: segment 0: paddr=00010020 vaddr=3f400020 size=0a580h ( 42368) map[0m
[0;32mI (145) esp_image: segment 1: paddr=0001a5a8 vaddr=3ffb0000 size=022d8h (  8920) load[0m
[0;32mI (149) esp_image: segment 2: paddr=0001c888 vaddr=40080000 size=03790h ( 14224) load[0m
[0;32mI (157) esp_image: segment 3: paddr=00020020 vaddr=400d0020 size=1dfa8h (122792) map[0m
[0;32mI (202) esp_image: segment 4: paddr=0003dfd0 vaddr=40083790 size=097cch ( 38860) load[0m
[0;32mI (224) boot: Loaded app from partition at offset 0x10000[0m
[0;32mI (224) boot: Disabling RNG early entropy source...[0m
[0;32mI (235) cpu_start: Multicore app[0m
[0;32mI (244) cpu_start: Pro cpu start user code[0m
[0;32mI (244) cpu_start: cpu freq: 160000000 Hz[0m
[0;32mI (244) cpu_start: Application information:[0m
[0;32mI (247) cpu_start: Project name:     component_exp[0m
[0;32mI (252) cpu_start: App version:      1[0m
[0;32mI (257) cpu_start: Compile time:     Mar 15 2024 10:39:48[0m
[0;32mI (263) cpu_start: ELF file SHA256:  59ceddb85...[0m
[0;32mI (268) cpu_start: ESP-IDF:          v5.3-dev-1288-g5524b692ee[0m
[0;32mI (275) cpu_start: Min chip rev:     v0.0[0m
[0;32mI (280) cpu_start: Max chip rev:     v3.99 [0m
[0;32mI (284) cpu_start: Chip rev:         v1.1[0m
[0;32mI (289) heap_init: Initializing. RAM available for dynamic allocation:[0m
[0;32mI (297) heap_init: At 3FFAE6E0 len 00001920 (6 KiB): DRAM[0m
[0;32mI (302) heap_init: At 3FFB2BB8 len 0002D448 (181 KiB): DRAM[0m
[0;32mI (309) heap_init: At 3FFE0440 len 00003AE0 (14 KiB): D/IRAM[0m
[0;32mI (315) heap_init: At 3FFE4350 len 0001BCB0 (111 KiB): D/IRAM[0m
[0;32mI (321) heap_init: At 4008CF5C len 000130A4 (76 KiB): IRAM[0m
[0;32mI (329) spi_flash: detected chip: generic[0m
[0;32mI (332) spi_flash: flash io: dio[0m
[0;32mI (337) main_task: Started on CPU0[0m
[0;32mI (347) main_task: Calling app_main()[0m
[0;32mI (347) file_system: Initializing SPIFFS
[0m
[0;32mI (407) file_system: Performing SPIFFS_check().[0m
[0;32mI (1977) file_system: SPIFFS_check() successful[0m
[0;32mI (1977) file_system: Partition size: total: 463346, used: 35893[0m
[0;32mI (1987) MAIN: >> dawlance.json	 5601
[0m
[0;32mI (1997) MAIN: size: 5601 , {
 "range": [8984 , 9017],
 "Model": "dawlance",
 "Temp Range": [16 , 30],
 "data": [
{"Turn Off": [8999,4521,614,1693,615,592,614,594,614,593,614,594,613,1693,615,593,614,592,615,1692,615,593,614,1693,615,1692,615,1692,616,592,614,593,614,594,614,575,632,593,615,592,614,575,633,593,615,1692,613,595,614,593,615,1692,614,593,615,593,614,593,614,1693,615,592,614,1694,615,592,615,593,614,1692,615,593,614,0]},
{"Turn On": [9006,4522,615,1693,613,597,612,595,614,1693,615,592,615,1693,615,594,614,592,615,1695,613,594,614,1693,614,1696,613,1692,615,593,615,592,616,594,613,593,615,594,614,593,614,593,615,593,614,1693,615,593,615,594,613,1693,616,594,613,593,614,595,614,1694,615,592,614,1694,614,593,615,594,614,1692,615,594,615,0]},   
{"Temp 16": [9012,4526,614,1695,614,594,615,576,632,1695,615,1694,613,1696,614,573,635,576,633,577,631,575,634,575,633,575,635,1673,635,594,614,576,633,576,634,575,632,574,634,574,636,575,633,576,633,1695,615,575,633,574,634,1675,634,577,633,575,633,574,634,1695,614,576,633,1694,615,576,632,575,634,1695,614,575,633,0]}, 
{"Temp 17": [9015,4526,614,1695,614,576,632,574,634,1676,634,1675,634,1692,615,574,634,575,634,1675,634,575,635,574,634,574,634,1676,634,575,634,574,634,575,634,573,636,574,635,575,634,574,635,574,635,1676,634,573,635,574,635,1675,633,575,635,576,633,575,633,1678,632,575,634,1675,634,574,634,574,635,1677,632,575,635,0]}, 
{"Temp 18": [9011,4504,632,1695,612,596,612,596,613,1694,613,1677,632,1674,633,574,635,574,633,575,632,1695,613,577,632,576,632,1675,634,594,612,576,633,576,632,574,634,575,634,576,631,575,634,574,634,1676,633,574,633,575,633,1675,633,576,632,595,614,595,612,1678,631,595,613,1675,634,574,633,575,633,1696,613,575,633,0]}, 
{"Temp 19": [9007,4523,614,1693,614,595,613,594,613,1693,615,1695,612,1694,614,593,614,595,614,1693,614,1693,615,594,614,594,613,1694,614,593,614,595,613,595,614,593,614,596,613,595,613,594,614,594,615,1692,615,594,615,593,614,1694,614,595,613,594,614,594,615,1694,614,594,614,1694,613,594,614,593,616,1692,614,595,615,0]}, 
{"Temp 20": [8997,4520,615,1692,615,593,614,593,615,1691,615,594,614,1692,615,592,614,593,614,593,614,594,613,1692,615,594,613,1693,615,593,613,594,614,594,613,594,614,574,632,593,615,593,614,592,614,1694,615,593,613,593,614,1693,615,593,614,593,614,593,614,1692,615,593,614,1693,615,592,615,593,614,1693,615,593,614,0]}, 
{"Temp 21": [8990,4517,613,1693,614,592,613,593,614,1692,613,592,614,1692,614,592,613,594,613,1692,614,593,613,1692,614,592,613,1693,614,591,614,594,612,593,614,592,614,593,615,591,614,592,614,592,614,1692,614,592,615,591,614,1692,614,593,613,593,614,593,613,1691,615,593,613,1692,615,574,631,594,612,1693,615,591,614,0]}, 
{"Temp 22": [8988,4515,613,1691,614,592,614,591,614,1692,614,592,613,1690,614,593,613,592,614,592,614,1690,614,1691,614,593,613,1691,614,592,614,592,614,592,614,592,613,593,613,592,614,593,613,593,613,1692,613,592,614,593,613,1690,614,593,614,592,613,593,613,1691,615,592,613,1691,615,592,613,593,614,1690,614,592,614,0]}, 
{"Temp 23": [8988,4516,614,1691,613,592,614,593,614,1691,614,592,612,1693,614,591,614,592,615,1691,613,1691,614,1691,613,593,613,1692,614,591,613,593,615,591,614,593,614,592,613,592,615,592,614,591,615,1692,614,592,613,592,614,1691,615,591,614,593,613,593,613,1692,613,592,614,1692,614,591,614,593,613,1691,614,593,614,0]}, 
{"Temp 24": [8990,4516,613,1692,614,592,614,591,614,1692,613,593,613,1691,614,592,614,574,632,592,614,574,632,573,633,1691,615,1689,615,592,613,593,614,592,614,592,613,593,614,592,614,593,612,593,614,1691,614,591,615,593,613,1692,614,591,614,592,614,592,614,1691,614,592,615,1690,615,591,614,592,614,1691,615,573,632,0]}, 
{"Temp 25": [8991,4515,614,1691,614,592,614,593,613,1691,614,592,613,1692,615,590,615,592,614,1691,614,592,614,592,613,1692,614,1690,615,592,614,592,614,593,612,593,614,593,613,592,614,575,631,573,634,1690,615,592,614,573,633,1691,614,591,614,593,614,592,614,1690,615,592,614,1691,614,593,613,593,613,1691,615,592,613,0]}, 
{"Temp 26": [8990,4515,614,1691,615,591,613,594,613,1691,615,591,614,1691,614,592,613,575,633,573,633,1690,615,592,613,1691,614,1690,614,594,613,592,614,592,615,592,613,593,614,591,614,593,613,574,632,1691,614,593,613,593,614,1691,614,592,614,592,614,592,614,1690,615,593,613,1691,615,592,614,592,614,1691,614,592,614,0]}, 
{"Temp 27": [8985,4514,613,1691,613,593,613,592,613,1691,614,591,612,1692,613,591,614,593,612,1691,614,1690,614,591,614,1690,613,1690,615,591,613,592,614,591,615,591,614,591,614,592,614,592,614,591,614,1691,612,592,614,593,612,1691,614,591,614,592,613,593,614,1689,614,592,613,1691,613,593,613,591,614,1691,614,591,613,0]}, 
{"Temp 28": [8984,4513,613,1691,613,592,614,591,613,1692,613,592,612,1691,614,591,614,591,614,592,613,592,615,1689,613,1691,613,1691,613,592,613,593,612,592,614,592,613,593,614,592,613,592,613,592,613,1691,614,591,614,592,613,1692,612,592,614,592,613,592,613,1691,613,592,613,1691,613,592,614,592,613,1691,613,592,613,0]}, 
{"Temp 29": [8988,4512,614,1690,613,592,613,593,614,1688,614,593,613,1690,613,592,614,591,614,1690,613,593,612,1692,613,1690,613,1690,614,592,614,591,614,592,613,593,613,591,614,592,613,592,613,593,613,1690,614,592,614,592,612,1691,613,592,614,592,613,592,614,1690,613,592,613,1691,614,592,612,593,613,1691,613,592,614,0]}, 
{"Temp 30": [8985,4512,613,1690,614,592,613,592,613,1690,613,592,613,1690,614,591,614,592,613,592,613,1689,615,1689,613,1690,613,1691,612,593,613,593,613,591,614,592,613,592,613,593,612,592,614,592,614,1690,613,592,614,591,614,1690,614,592,613,593,612,593,612,1691,613,592,613,1690,614,592,612,593,614,1690,613,593,613,0]}
]
}
cï¿½?T[0m
I BOD: Br